x10: 태그 530 · links 연결 성분 270개(최대 9태그) · NOISE_TAGS=('TI-101', 'MI-102') · os.cpu_count=15 · python 3.14.6
로드 A  db.load_series (ts 색인 + ORDER BY 임시 정렬): 21.98s · 태그 530 · 점 11,448,000
로드 B  db.load_series + GC 끔: 21.30s · A 와 같음=True
로드 C  태그 IN 목록 (PK 탐색): 4.02s · A 와 같음=True
로드 A2 db.load_series 다시: 20.87s
순차 1: 로드 20.92s + 뷰 5.33s + run_all 1.75s + 묶음·정렬 3.48s = 31.48s · 이벤트 330
순차 2: 로드 20.72s + 뷰 5.31s + run_all 1.75s + 묶음·정렬 3.48s = 31.26s · 이벤트 330
순차 2회 결정성: 묶기 전 목록 True · 통째 True
순차(IN 목록 로드): 로드 3.94s + 검출 10.54s = 14.48s · 통째 같음=True
병렬 N=2 묶음크기=[265, 265] 끊긴 links 0쌍: 워커 5.73s (로드≤1.93 계산≤3.60) + 병합·묶음·정렬 3.55s = 9.29s · 이벤트 330 · 자식 maxrss≤1064MB
    이어 붙이기만: 정렬 비교(번호 제외) True · 묶음 구성 True · 통째 False
    순차 순서로 되돌림: 묶기 전 목록 True · 통째(번호·순서 포함) True
병렬 N=2 묶음크기=[265, 265] 끊긴 links 0쌍: 워커 6.04s (로드≤2.08 계산≤3.79) + 병합·묶음·정렬 3.56s = 9.60s · 이벤트 330 · 자식 maxrss≤1065MB
    이어 붙이기만: 정렬 비교(번호 제외) True · 묶음 구성 True · 통째 False
    순차 순서로 되돌림: 묶기 전 목록 True · 통째(번호·순서 포함) True
병렬 N=4 묶음크기=[133, 133, 132, 132] 끊긴 links 0쌍: 워커 3.04s (로드≤1.06 계산≤1.87) + 병합·묶음·정렬 3.54s = 6.59s · 이벤트 330 · 자식 maxrss≤554MB
    이어 붙이기만: 정렬 비교(번호 제외) True · 묶음 구성 True · 통째 False
    순차 순서로 되돌림: 묶기 전 목록 True · 통째(번호·순서 포함) True
병렬 N=4 묶음크기=[133, 133, 132, 132] 끊긴 links 0쌍: 워커 3.02s (로드≤1.02 계산≤1.88) + 병합·묶음·정렬 3.56s = 6.58s · 이벤트 330 · 자식 maxrss≤555MB
    이어 붙이기만: 정렬 비교(번호 제외) True · 묶음 구성 True · 통째 False
    순차 순서로 되돌림: 묶기 전 목록 True · 통째(번호·순서 포함) True
병렬 N=8 묶음크기=[67, 67, 66, 66, 66, 66, 66, 66] 끊긴 links 0쌍: 워커 1.82s (로드≤0.60 계산≤1.09) + 병합·묶음·정렬 3.56s = 5.38s · 이벤트 330 · 자식 maxrss≤301MB
    이어 붙이기만: 정렬 비교(번호 제외) True · 묶음 구성 True · 통째 False
    순차 순서로 되돌림: 묶기 전 목록 True · 통째(번호·순서 포함) True
병렬 N=8 묶음크기=[67, 67, 66, 66, 66, 66, 66, 66] 끊긴 links 0쌍: 워커 1.82s (로드≤0.61 계산≤1.09) + 병합·묶음·정렬 3.56s = 5.38s · 이벤트 330 · 자식 maxrss≤300MB
    이어 붙이기만: 정렬 비교(번호 제외) True · 묶음 구성 True · 통째 False
    순차 순서로 되돌림: 묶기 전 목록 True · 통째(번호·순서 포함) True
병렬 N=15 묶음크기=[36, 36, 36, 36, 36, 35, 35, 35, 35, 35, 35, 35, 35, 35, 35] 끊긴 links 0쌍: 워커 1.30s (로드≤0.41 계산≤0.75) + 병합·묶음·정렬 3.56s = 4.86s · 이벤트 330 · 자식 maxrss≤181MB
    이어 붙이기만: 정렬 비교(번호 제외) True · 묶음 구성 True · 통째 False
    순차 순서로 되돌림: 묶기 전 목록 True · 통째(번호·순서 포함) True
연결 성분 분할 + 보조 없음 (N=4, 끊긴 links 0쌍 — 순차 상관이탈 0건 중 0건이 끊긴 쌍, 외기 태그 없는 묶음 3개 — 순차에서 외기 몫이 적힌 드리프트 20건): 이벤트 426 (순차 330) · 내용까지 같은 이벤트 307 · 순차에만 23 {'드리프트': 23} · 분할에만 119 {'드리프트': 119} · (태그,종류)째 사라짐 0 {} · 새로 생김 96 {'드리프트': 96} · 통째 같음=False
무작위 분할 + NOISE 보조 (N=4, 끊긴 links 226쌍 — 순차 상관이탈 0건 중 0건이 끊긴 쌍, 외기 태그 없는 묶음 0개 — 순차에서 외기 몫이 적힌 드리프트 20건): 이벤트 330 (순차 330) · 내용까지 같은 이벤트 330 · 순차에만 0 {} · 분할에만 0 {} · (태그,종류)째 사라짐 0 {} · 새로 생김 0 {} · 통째 같음=True
무작위 분할 + 보조 없음 (N=4, 끊긴 links 226쌍 — 순차 상관이탈 0건 중 0건이 끊긴 쌍, 외기 태그 없는 묶음 2개 — 순차에서 외기 몫이 적힌 드리프트 20건): 이벤트 397 (순차 330) · 내용까지 같은 이벤트 304 · 순차에만 26 {'드리프트': 26} · 분할에만 93 {'드리프트': 93} · (태그,종류)째 사라짐 0 {} · 새로 생김 67 {'드리프트': 67} · 통째 같음=False
