항목: [(0, 'AI-707', 'AI-707 LP O2 순도 — 드리프트 외 1개 태그'), (1, 'LI-806', 'LI-806 LIN 레벨 — 고착'), (2, 'FI-204', 'FI-204 토출 유량 — 상관이탈 외 1개 태그'), (3, 'ZI-801', 'ZI-801 LV-801 개도 — 고착 외 1개 태그')]
A#1 49.0s
   [0] sev=상 worthy=True iso=None |  | 제품 순도 직결이고 다음 근무 시간대(약 7.4시간 후)에 한계 도달하는 드리프트라 지금 알람이 없어도 놓치면 규격 이탈로 이어짐.
   [1] sev=중 worthy=True iso=None |  | 레벨 표시가 굳어 있으면 LIN 저장 과충전·저레벨을 못 보게 되나, 값이 정상범위이고 저장탱크 레벨은 완만하게 움직이므로 즉시 위험은 아님 — 단 실측 대조 전까지 이 태그 신뢰
   [2] sev=상 worthy=True iso=None |  | 압축기 IGV-유량 상관 붕괴는 서지 전조 또는 계측 고장 공통 신호로, 놓치면 설비 트립·손상으로 이어질 수 있어 단일 태그 알람 없어도 상.
   [3] sev=상 worthy=True iso=None |  | LV-801 이 실제로 고착됐으면 LI-802 레벨 제어를 잃은 상태인데 알람이 없어 레벨 추세로만 판별 가능 — 놓치면 레벨 이탈까지 아무 신호 없음.
A#2 42.5s
   [0] sev=상 worthy=True iso=None |  | 제품 순도 직결이며 알람 전 추세로 다음 근무 중 한계 도달이 예측됨 — 인수인계에서 놓치면 다음 근무자가 알람으로 처음 인지하게 됨.
   [1] sev=상 worthy=True iso=None |  | 레벨 지시가 고착되면 실레벨 이탈을 알람으로 못 잡음 — 레벨 추세로만 판별되는 항목이라 놓치면 오버플로/드라이 위험.
   [2] sev=상 worthy=True iso=None |  | 압축기 IGV-유량 관계 붕괴는 서지 전조 또는 고장 공통 신호일 수 있어 설비 안전 직결 — 단일 태그 알람으로는 안 잡힘.
   [3] sev=상 worthy=True iso=None |  | 밸브 고착은 레벨 추세로만 판별 가능하며 같은 구간 순도 하강과 겹침 — 놓치면 레벨 이탈·순도 한계 도달로 이어질 수 있음.
B#1 47.2s
   [0] sev=상 worthy=True iso=False |  | 제품 순도 직결이고 알람 없이 한계로 향하는 드리프트라 다음 근무에서 놓치면 규격 이탈로 이어짐.
   [1] sev=중 worthy=True iso=True | 연결 태그 ZI-805 가 37~39.8% 범위에서 정상 변동하는데 LI-806 만 120분간 82.0% 고착이라 공정 변화보다 계측기 고착·격리 의심. | 공정 위험보다 계측 신뢰도 문제로 보이나, 레벨 지시가 죽은 상태면 실제 레벨 이탈을 볼 수 없어 방치하면 위험해짐.
   [2] sev=상 worthy=True iso=False |  | 압축기 토출 압력 드리프트와 유량 연동 붕괴가 동시에 나와 서지 전조 가능성을 배제할 수 없음. 단일 태그 알람으론 안 보이는 이상이라 넘기면 다음 근무가 모름.
   [3] sev=상 worthy=True iso=False |  | 레벨 추세로만 판별되는 밸브 고착 패턴이고 LOX 레벨이 이미 이탈 중이라 방치 시 레벨 알람·순도 영향으로 번짐.
B#2 65.1s
   [0] sev=상 worthy=True iso=False |  | 제품 순도 직결이고 아직 알람이 없어 추세만으로 잡힌 상태 — 놓치면 다음 근무에 규격 이탈로 이어질 수 있음.
   [1] sev=중 worthy=True iso=True | 연결 태그 ZI-805(LV-802 개도) 는 37~39.8% 범위 안에서 변동하는데 LI-806 만 120분간 82.0% 고착 — 계측기 불량·격리 의심. | 연결 밸브가 정상 동작 중이라 공정 이상보다 계측 신뢰도 문제로 보임 — 단 실제 LIN 레벨을 DCS 로 볼 수 없는 상태라 현장 확인 없이 넘기면 안 됨.
   [2] sev=상 worthy=True iso=False |  | 압축기 유량–IGV 상관 붕괴는 고장 공통 신호이고 토출 압력 드리프트가 겹침 — 43분 뒤 겉보기 정상이라도 적지 않으면 다음 근무자가 알 수 없음.
   [3] sev=상 worthy=True iso=False |  | 레벨 이탈 중 제어밸브 무반응은 밸브 고착 전형 — 놓치면 LOX 레벨 계속 벗어나 컬럼 운전·순도로 번짐.
EXIT=0
